// Jest Snapshot v1, https://goo.gl/fbAQLP

exports[`components/VolumeControl should render correctly 1`] = `
<div>
  <div
    class="flex felx-col items-center"
  >
    <button
      class="cursor-pointer w-6"
    >
      <svg
        aria-label="Volume up"
        class="h-6 w-6 "
        fill="none"
        role="img"
        stroke="currentColor"
        stroke-width="2"
        viewBox="0 0 24 24"
        xmlns="http://www.w3.org/2000/svg"
      >
        <path
          d="M15.536 8.464a5 5 0 010 7.072m2.828-9.9a9 9 0 010 12.728M5.586 15H4a1 1 0 01-1-1v-4a1 1 0 011-1h1.586l4.707-4.707C10.923 3.663 12 4.109 12 5v14c0 .891-1.077 1.337-1.707.707L5.586 15z"
          stroke-linecap="round"
          stroke-linejoin="round"
        />
      </svg>
    </button>
    <input
      class="ml-2 w-24"
      max="1"
      min="0"
      step="0.1"
      type="range"
      value="0.5"
    />
  </div>
</div>
`;
